version https://git-lfs.github.com/spec/v1
oid sha256:9a5062ad61127ee2807554841687d6d023c4a2419003557ed0164bb4da2aaf83
size 4830792
