version https://git-lfs.github.com/spec/v1
oid sha256:772f48dbf46a8faa39aa59a1080a0aa8b63e709281dd9a85cace0c382aaa5600
size 45384
