version https://git-lfs.github.com/spec/v1
oid sha256:87967e1c71344e1421ae576aecc165de1a590a8df725e6ef725fea13396fa888
size 97464
